eeschema (2013-07-07 BZR 4022)-stable  >> Creation date: 7/28/2014 12:48:19 AM
#Cmp ( order = Reference )
| C1         4.7u        
| C2         4.7u        
| C3         10u         
| C4         100p        
| C5         4.7u        
| C6         100p        
| C7         10u         
| C8         4.7u        
| C9         .47u        
| C10        .47u        
| C11        .47u        
| C12        4.7u        
| C13        .47u        
| C14        .47u        
| C15        .47u        
| C16        .47u        
| C17        4.7u        
| C18        4.7u        
| C19        4.7u        
| C20        4.7u        
| C21        4.7u        
| C22        4.7u        
| C23        100u        
| C24        4.7u        
| C25        100u        
| C26        4.7u        
| C27        100u        
| C28        100u        
| C29        100u        
| C30        .1u         
| C31        .47u        
| C32        .1u         
| C33        4.7u        
| C34        4.7u        
| C35        .47u        
| C36        4.7u        
| C37        4.7u        
| C38        4.7u        
| C39        4.7u        
| C40        4.7u        
| C41        4.7u        
| C42        4.7u        
| C43        4.7u        
| C44        100u        
| C45        100u        
| C46        .1u         
| C47        .1u         
| C48        .01u        
| D1         LED         
| D2         LED         
| D3         LED         
| D4         LED         
| J1         1X6_HEADER  
| J2         1X6_HEADER  
| J3         1X6_HEADER  
| J4         JTAG_1X6    
| J5         USD_SLOT    
| J6         HDMI        
| L1         2.2u        
| L2         2.2u        
| R1         380k1%      
| R2         120k1%      
| R3         200k1%      
| R4         100k1%      
| R5         540k1%      
| R6         120k1%      
| R7         330         
| R8         50          
| R9         50          
| R10        50          
| R11        50          
| R12        50          
| R13        50          
| R14        50          
| R15        50          
| R16        50          
| R17        50          
| R18        50          
| R19        50          
| R20        50          
| R21        50          
| R22        50          
| R23        50          
| R24        50          
| R25        50          
| R26        50          
| R27        50          
| R28        50          
| R29        50          
| R30        50          
| R31        100         
| R32        50          
| R33        50          
| R34        50          
| R35        50          
| R36        50          
| R37        50          
| R38        1K 1%       
| R39        1K 1%       
| R40        330         
| R41        330         
| R42        330         
| R43        100         
| R44        100         
| R45        100         
| R46        330         
| R47        4.7K        
| R48        4.7K        
| R49        4.7K        
| R50        4.7K        
| U1         AP7331      
| U2         PAM2306D    
| U3         XC6SLX9     
| U4         IS43R86400D-6TL
| U5         S25FL164    
| U6         CPPC7       
| U7         FXMHD103    
#End Cmp

#Cmp ( order = Value )
| 100p         C4        
| 100p         C6        
| 4.7u         C1        
| 4.7u         C2        
| 4.7u         C5        
| 4.7u         C8        
| 4.7u         C12       
| 4.7u         C17       
| 4.7u         C18       
| 4.7u         C19       
| 4.7u         C20       
| 4.7u         C21       
| 4.7u         C22       
| 4.7u         C24       
| 4.7u         C26       
| 4.7u         C33       
| 4.7u         C34       
| 4.7u         C36       
| 4.7u         C37       
| 4.7u         C38       
| 4.7u         C39       
| 4.7u         C40       
| 4.7u         C41       
| 4.7u         C42       
| 4.7u         C43       
| 10u          C3        
| 10u          C7        
| 100u         C23       
| 100u         C25       
| 100u         C27       
| 100u         C28       
| 100u         C29       
| 100u         C44       
| 100u         C45       
| .47u         C9        
| .47u         C10       
| .47u         C11       
| .47u         C13       
| .47u         C14       
| .47u         C15       
| .47u         C16       
| .1u          C30       
| .47u         C31       
| .1u          C32       
| .47u         C35       
| .1u          C46       
| .1u          C47       
| .01u         C48       
| LED          D1        
| LED          D2        
| LED          D3        
| LED          D4        
| 1X6_HEADER   J2        
| 1X6_HEADER   J3        
| JTAG_1X6     J4        
| USD_SLOT     J5        
| HDMI         J6        
| 1X6_HEADER   J1        
| 2.2u         L1        
| 2.2u         L2        
| 50           R8        
| 50           R9        
| 50           R10       
| 50           R11       
| 50           R12       
| 50           R13       
| 50           R14       
| 50           R15       
| 50           R16       
| 50           R17       
| 50           R18       
| 50           R19       
| 50           R20       
| 50           R21       
| 50           R22       
| 50           R23       
| 50           R24       
| 50           R25       
| 50           R26       
| 50           R27       
| 50           R28       
| 50           R29       
| 50           R30       
| 50           R32       
| 50           R33       
| 50           R34       
| 50           R35       
| 50           R36       
| 50           R37       
| 100          R31       
| 100          R43       
| 100          R44       
| 100          R45       
| 330          R7        
| 330          R40       
| 330          R41       
| 330          R42       
| 330          R46       
| 1K 1%        R38       
| 1K 1%        R39       
| 4.7K         R47       
| 4.7K         R48       
| 4.7K         R49       
| 4.7K         R50       
| 100k1%       R4        
| 120k1%       R2        
| 120k1%       R6        
| 200k1%       R3        
| 380k1%       R1        
| 540k1%       R5        
| AP7331       U1        
| PAM2306D     U2        
| IS43R86400D-6TL U4        
| CPPC7        U6        
| FXMHD103     U7        
| XC6SLX9      U3        
| S25FL164     U5        
#End Cmp

#End List
